2025-09-05 09:56:42 INFO  [main] b.p.s.d.DiscoveryServiceApplication - Starting DiscoveryServiceApplication using Java 21.0.1 with PID 19116 (D:\Repos\3_3_Java_FullStack\2-Case\learning-microservices-with-spring-cloud-AngelChezziPXL\backend-java\DuurzameWebshop\discovery-service\target\classes started by angel in D:\Repos\3_3_Java_FullStack\2-Case\learning-microservices-with-spring-cloud-AngelChezziPXL\backend-java\DuurzameWebshop)
2025-09-05 09:56:42 DEBUG [main] b.p.s.d.DiscoveryServiceApplication - Running with Spring Boot v3.3.4, Spring v6.1.13
2025-09-05 09:56:42 INFO  [main] b.p.s.d.DiscoveryServiceApplication - No active profile set, falling back to 1 default profile: "default"
2025-09-05 09:56:48 INFO  [main] b.p.s.d.DiscoveryServiceApplication - Started DiscoveryServiceApplication in 8.34 seconds (process running for 9.109)
2025-09-05 09:57:00 INFO  [main] b.p.s.g.GatewayServiceApplication - Starting GatewayServiceApplication using Java 21.0.1 with PID 13480 (D:\Repos\3_3_Java_FullStack\2-Case\learning-microservices-with-spring-cloud-AngelChezziPXL\backend-java\DuurzameWebshop\gateway-service\target\classes started by angel in D:\Repos\3_3_Java_FullStack\2-Case\learning-microservices-with-spring-cloud-AngelChezziPXL\backend-java\DuurzameWebshop)
2025-09-05 09:57:00 DEBUG [main] b.p.s.g.GatewayServiceApplication - Running with Spring Boot v3.3.4, Spring v6.1.13
2025-09-05 09:57:00 INFO  [main] b.p.s.g.GatewayServiceApplication - No active profile set, falling back to 1 default profile: "default"
2025-09-05 09:57:07 INFO  [main] b.p.s.g.GatewayServiceApplication - Started GatewayServiceApplication in 9.439 seconds (process running for 10.102)
2025-09-05 09:57:33 INFO  [main] b.p.s.w.WhishlistServiceApplication - Starting WhishlistServiceApplication using Java 21.0.1 with PID 13340 (D:\Repos\3_3_Java_FullStack\2-Case\learning-microservices-with-spring-cloud-AngelChezziPXL\backend-java\DuurzameWebshop\whishlist-service\target\classes started by angel in D:\Repos\3_3_Java_FullStack\2-Case\learning-microservices-with-spring-cloud-AngelChezziPXL\backend-java\DuurzameWebshop)
2025-09-05 09:57:33 DEBUG [main] b.p.s.w.WhishlistServiceApplication - Running with Spring Boot v3.3.4, Spring v6.1.13
2025-09-05 09:57:33 INFO  [main] b.p.s.w.WhishlistServiceApplication - No active profile set, falling back to 1 default profile: "default"
2025-09-05 09:57:51 INFO  [main] b.p.s.w.WhishlistServiceApplication - Started WhishlistServiceApplication in 21.579 seconds (process running for 25.049)
2025-09-05 09:57:52 INFO  [main] b.p.s.p.ProductcatalogServiceApplication - Starting ProductcatalogServiceApplication using Java 21.0.1 with PID 3644 (D:\Repos\3_3_Java_FullStack\2-Case\learning-microservices-with-spring-cloud-AngelChezziPXL\backend-java\DuurzameWebshop\productcatalog-service\target\classes started by angel in D:\Repos\3_3_Java_FullStack\2-Case\learning-microservices-with-spring-cloud-AngelChezziPXL\backend-java\DuurzameWebshop)
2025-09-05 09:57:52 DEBUG [main] b.p.s.p.ProductcatalogServiceApplication - Running with Spring Boot v3.3.4, Spring v6.1.13
2025-09-05 09:57:52 INFO  [main] b.p.s.p.ProductcatalogServiceApplication - No active profile set, falling back to 1 default profile: "default"
2025-09-05 09:57:59 INFO  [main] b.p.s.l.LogbookServiceApplication - Starting LogbookServiceApplication using Java 21.0.1 with PID 23400 (D:\Repos\3_3_Java_FullStack\2-Case\learning-microservices-with-spring-cloud-AngelChezziPXL\backend-java\DuurzameWebshop\logbook-service\target\classes started by angel in D:\Repos\3_3_Java_FullStack\2-Case\learning-microservices-with-spring-cloud-AngelChezziPXL\backend-java\DuurzameWebshop)
2025-09-05 09:57:59 DEBUG [main] b.p.s.l.LogbookServiceApplication - Running with Spring Boot v3.3.4, Spring v6.1.13
2025-09-05 09:57:59 INFO  [main] b.p.s.l.LogbookServiceApplication - No active profile set, falling back to 1 default profile: "default"
2025-09-05 09:58:06 INFO  [main] b.p.s.s.ShoppingCartServiceApplication - Starting ShoppingCartServiceApplication using Java 21.0.1 with PID 16592 (D:\Repos\3_3_Java_FullStack\2-Case\learning-microservices-with-spring-cloud-AngelChezziPXL\backend-java\DuurzameWebshop\shoppingcart-service\target\classes started by angel in D:\Repos\3_3_Java_FullStack\2-Case\learning-microservices-with-spring-cloud-AngelChezziPXL\backend-java\DuurzameWebshop)
2025-09-05 09:58:06 DEBUG [main] b.p.s.s.ShoppingCartServiceApplication - Running with Spring Boot v3.3.4, Spring v6.1.13
2025-09-05 09:58:06 INFO  [main] b.p.s.s.ShoppingCartServiceApplication - No active profile set, falling back to 1 default profile: "default"
2025-09-05 09:58:06 INFO  [main] b.p.s.p.ProductcatalogServiceApplication - Started ProductcatalogServiceApplication in 19.354 seconds (process running for 20.912)
2025-09-05 09:58:07 INFO  [main] b.p.s.l.LogbookServiceApplication - Started LogbookServiceApplication in 11.016 seconds (process running for 12.667)
2025-09-05 09:58:15 INFO  [main] b.p.s.s.ShoppingCartServiceApplication - Started ShoppingCartServiceApplication in 11.516 seconds (process running for 12.997)
2025-09-05 10:20:41 INFO  [main] b.p.s.g.GatewayServiceApplication - Starting GatewayServiceApplication using Java 21.0.1 with PID 3356 (D:\Repos\3_3_Java_FullStack\2-Case\learning-microservices-with-spring-cloud-AngelChezziPXL\backend-java\DuurzameWebshop\gateway-service\target\classes started by angel in D:\Repos\3_3_Java_FullStack\2-Case\learning-microservices-with-spring-cloud-AngelChezziPXL\backend-java\DuurzameWebshop)
2025-09-05 10:20:41 DEBUG [main] b.p.s.g.GatewayServiceApplication - Running with Spring Boot v3.3.4, Spring v6.1.13
2025-09-05 10:20:41 INFO  [main] b.p.s.g.GatewayServiceApplication - No active profile set, falling back to 1 default profile: "default"
2025-09-05 10:20:45 INFO  [main] b.p.s.d.DiscoveryServiceApplication - Starting DiscoveryServiceApplication using Java 21.0.1 with PID 8444 (D:\Repos\3_3_Java_FullStack\2-Case\learning-microservices-with-spring-cloud-AngelChezziPXL\backend-java\DuurzameWebshop\discovery-service\target\classes started by angel in D:\Repos\3_3_Java_FullStack\2-Case\learning-microservices-with-spring-cloud-AngelChezziPXL\backend-java\DuurzameWebshop)
2025-09-05 10:20:45 DEBUG [main] b.p.s.d.DiscoveryServiceApplication - Running with Spring Boot v3.3.4, Spring v6.1.13
2025-09-05 10:20:45 INFO  [main] b.p.s.d.DiscoveryServiceApplication - No active profile set, falling back to 1 default profile: "default"
2025-09-05 10:20:53 INFO  [main] b.p.s.d.DiscoveryServiceApplication - Started DiscoveryServiceApplication in 9.614 seconds (process running for 13.745)
2025-09-05 10:20:53 INFO  [main] b.p.s.w.WhishlistServiceApplication - Starting WhishlistServiceApplication using Java 21.0.1 with PID 12688 (D:\Repos\3_3_Java_FullStack\2-Case\learning-microservices-with-spring-cloud-AngelChezziPXL\backend-java\DuurzameWebshop\whishlist-service\target\classes started by angel in D:\Repos\3_3_Java_FullStack\2-Case\learning-microservices-with-spring-cloud-AngelChezziPXL\backend-java\DuurzameWebshop)
2025-09-05 10:20:53 DEBUG [main] b.p.s.w.WhishlistServiceApplication - Running with Spring Boot v3.3.4, Spring v6.1.13
2025-09-05 10:20:53 INFO  [main] b.p.s.w.WhishlistServiceApplication - No active profile set, falling back to 1 default profile: "default"
2025-09-05 10:20:57 INFO  [main] b.p.s.l.LogbookServiceApplication - Starting LogbookServiceApplication using Java 21.0.1 with PID 15496 (D:\Repos\3_3_Java_FullStack\2-Case\learning-microservices-with-spring-cloud-AngelChezziPXL\backend-java\DuurzameWebshop\logbook-service\target\classes started by angel in D:\Repos\3_3_Java_FullStack\2-Case\learning-microservices-with-spring-cloud-AngelChezziPXL\backend-java\DuurzameWebshop)
2025-09-05 10:20:57 DEBUG [main] b.p.s.l.LogbookServiceApplication - Running with Spring Boot v3.3.4, Spring v6.1.13
2025-09-05 10:20:57 INFO  [main] b.p.s.l.LogbookServiceApplication - No active profile set, falling back to 1 default profile: "default"
2025-09-05 10:21:01 INFO  [main] b.p.s.p.ProductcatalogServiceApplication - Starting ProductcatalogServiceApplication using Java 21.0.1 with PID 15896 (D:\Repos\3_3_Java_FullStack\2-Case\learning-microservices-with-spring-cloud-AngelChezziPXL\backend-java\DuurzameWebshop\productcatalog-service\target\classes started by angel in D:\Repos\3_3_Java_FullStack\2-Case\learning-microservices-with-spring-cloud-AngelChezziPXL\backend-java\DuurzameWebshop)
2025-09-05 10:21:01 DEBUG [main] b.p.s.p.ProductcatalogServiceApplication - Running with Spring Boot v3.3.4, Spring v6.1.13
2025-09-05 10:21:01 INFO  [main] b.p.s.p.ProductcatalogServiceApplication - No active profile set, falling back to 1 default profile: "default"
2025-09-05 10:21:04 INFO  [main] b.p.s.l.LogbookServiceApplication - Started LogbookServiceApplication in 10.315 seconds (process running for 12.193)
2025-09-05 10:21:05 INFO  [main] b.p.s.w.WhishlistServiceApplication - Started WhishlistServiceApplication in 14.223 seconds (process running for 16.409)
2025-09-05 10:21:10 INFO  [main] b.p.s.p.ProductcatalogServiceApplication - Started ProductcatalogServiceApplication in 12.609 seconds (process running for 13.866)
2025-09-05 10:21:29 INFO  [main] b.p.s.d.DiscoveryServiceApplication - Starting DiscoveryServiceApplication using Java 21.0.1 with PID 4376 (D:\Repos\3_3_Java_FullStack\2-Case\learning-microservices-with-spring-cloud-AngelChezziPXL\backend-java\DuurzameWebshop\discovery-service\target\classes started by angel in D:\Repos\3_3_Java_FullStack\2-Case\learning-microservices-with-spring-cloud-AngelChezziPXL\backend-java\DuurzameWebshop)
2025-09-05 10:21:29 DEBUG [main] b.p.s.d.DiscoveryServiceApplication - Running with Spring Boot v3.3.4, Spring v6.1.13
2025-09-05 10:21:29 INFO  [main] b.p.s.d.DiscoveryServiceApplication - No active profile set, falling back to 1 default profile: "default"
2025-09-05 10:21:35 INFO  [main] b.p.s.d.DiscoveryServiceApplication - Started DiscoveryServiceApplication in 7.964 seconds (process running for 8.609)
2025-09-05 10:21:41 INFO  [main] b.p.s.g.GatewayServiceApplication - Starting GatewayServiceApplication using Java 21.0.1 with PID 8292 (D:\Repos\3_3_Java_FullStack\2-Case\learning-microservices-with-spring-cloud-AngelChezziPXL\backend-java\DuurzameWebshop\gateway-service\target\classes started by angel in D:\Repos\3_3_Java_FullStack\2-Case\learning-microservices-with-spring-cloud-AngelChezziPXL\backend-java\DuurzameWebshop)
2025-09-05 10:21:41 DEBUG [main] b.p.s.g.GatewayServiceApplication - Running with Spring Boot v3.3.4, Spring v6.1.13
2025-09-05 10:21:41 INFO  [main] b.p.s.g.GatewayServiceApplication - No active profile set, falling back to 1 default profile: "default"
2025-09-05 10:23:05 INFO  [main] b.p.s.g.GatewayServiceApplication - Starting GatewayServiceApplication using Java 21.0.1 with PID 9044 (D:\Repos\3_3_Java_FullStack\2-Case\learning-microservices-with-spring-cloud-AngelChezziPXL\backend-java\DuurzameWebshop\gateway-service\target\classes started by angel in D:\Repos\3_3_Java_FullStack\2-Case\learning-microservices-with-spring-cloud-AngelChezziPXL\backend-java\DuurzameWebshop)
2025-09-05 10:23:05 DEBUG [main] b.p.s.g.GatewayServiceApplication - Running with Spring Boot v3.3.4, Spring v6.1.13
2025-09-05 10:23:05 INFO  [main] b.p.s.g.GatewayServiceApplication - No active profile set, falling back to 1 default profile: "default"
2025-09-05 10:25:09 INFO  [main] b.p.s.g.GatewayServiceApplication - Starting GatewayServiceApplication using Java 21.0.1 with PID 13640 (D:\Repos\3_3_Java_FullStack\2-Case\learning-microservices-with-spring-cloud-AngelChezziPXL\backend-java\DuurzameWebshop\gateway-service\target\classes started by angel in D:\Repos\3_3_Java_FullStack\2-Case\learning-microservices-with-spring-cloud-AngelChezziPXL\backend-java\DuurzameWebshop)
2025-09-05 10:25:09 DEBUG [main] b.p.s.g.GatewayServiceApplication - Running with Spring Boot v3.3.4, Spring v6.1.13
2025-09-05 10:25:09 INFO  [main] b.p.s.g.GatewayServiceApplication - No active profile set, falling back to 1 default profile: "default"
2025-09-05 10:26:09 INFO  [main] b.p.s.g.GatewayServiceApplication - Starting GatewayServiceApplication using Java 21.0.1 with PID 3132 (D:\Repos\3_3_Java_FullStack\2-Case\learning-microservices-with-spring-cloud-AngelChezziPXL\backend-java\DuurzameWebshop\gateway-service\target\classes started by angel in D:\Repos\3_3_Java_FullStack\2-Case\learning-microservices-with-spring-cloud-AngelChezziPXL\backend-java\DuurzameWebshop)
2025-09-05 10:26:09 DEBUG [main] b.p.s.g.GatewayServiceApplication - Running with Spring Boot v3.3.4, Spring v6.1.13
2025-09-05 10:26:09 INFO  [main] b.p.s.g.GatewayServiceApplication - No active profile set, falling back to 1 default profile: "default"
2025-09-05 10:26:58 INFO  [main] b.p.s.g.GatewayServiceApplication - Starting GatewayServiceApplication using Java 21.0.1 with PID 11304 (D:\Repos\3_3_Java_FullStack\2-Case\learning-microservices-with-spring-cloud-AngelChezziPXL\backend-java\DuurzameWebshop\gateway-service\target\classes started by angel in D:\Repos\3_3_Java_FullStack\2-Case\learning-microservices-with-spring-cloud-AngelChezziPXL\backend-java\DuurzameWebshop)
2025-09-05 10:26:58 DEBUG [main] b.p.s.g.GatewayServiceApplication - Running with Spring Boot v3.3.4, Spring v6.1.13
2025-09-05 10:26:58 INFO  [main] b.p.s.g.GatewayServiceApplication - No active profile set, falling back to 1 default profile: "default"
2025-09-05 10:28:27 INFO  [main] b.p.s.g.GatewayServiceApplication - Starting GatewayServiceApplication using Java 21.0.1 with PID 6996 (D:\Repos\3_3_Java_FullStack\2-Case\learning-microservices-with-spring-cloud-AngelChezziPXL\backend-java\DuurzameWebshop\gateway-service\target\classes started by angel in D:\Repos\3_3_Java_FullStack\2-Case\learning-microservices-with-spring-cloud-AngelChezziPXL\backend-java\DuurzameWebshop)
2025-09-05 10:28:27 DEBUG [main] b.p.s.g.GatewayServiceApplication - Running with Spring Boot v3.3.4, Spring v6.1.13
2025-09-05 10:28:27 INFO  [main] b.p.s.g.GatewayServiceApplication - No active profile set, falling back to 1 default profile: "default"
2025-09-05 10:37:17 INFO  [main] b.p.s.g.GatewayServiceApplication - Starting GatewayServiceApplication using Java 21.0.1 with PID 18656 (D:\Repos\3_3_Java_FullStack\2-Case\learning-microservices-with-spring-cloud-AngelChezziPXL\backend-java\DuurzameWebshop\gateway-service\target\classes started by angel in D:\Repos\3_3_Java_FullStack\2-Case\learning-microservices-with-spring-cloud-AngelChezziPXL\backend-java\DuurzameWebshop)
2025-09-05 10:37:17 DEBUG [main] b.p.s.g.GatewayServiceApplication - Running with Spring Boot v3.3.4, Spring v6.1.13
2025-09-05 10:37:17 INFO  [main] b.p.s.g.GatewayServiceApplication - No active profile set, falling back to 1 default profile: "default"
2025-09-05 10:37:38 INFO  [main] b.p.s.g.GatewayServiceApplication - Starting GatewayServiceApplication using Java 21.0.1 with PID 19924 (D:\Repos\3_3_Java_FullStack\2-Case\learning-microservices-with-spring-cloud-AngelChezziPXL\backend-java\DuurzameWebshop\gateway-service\target\classes started by angel in D:\Repos\3_3_Java_FullStack\2-Case\learning-microservices-with-spring-cloud-AngelChezziPXL\backend-java\DuurzameWebshop)
2025-09-05 10:37:38 DEBUG [main] b.p.s.g.GatewayServiceApplication - Running with Spring Boot v3.3.4, Spring v6.1.13
2025-09-05 10:37:38 INFO  [main] b.p.s.g.GatewayServiceApplication - No active profile set, falling back to 1 default profile: "default"
2025-09-05 10:38:03 INFO  [main] b.p.s.w.WhishlistServiceApplication - Starting WhishlistServiceApplication using Java 21.0.1 with PID 6612 (D:\Repos\3_3_Java_FullStack\2-Case\learning-microservices-with-spring-cloud-AngelChezziPXL\backend-java\DuurzameWebshop\whishlist-service\target\classes started by angel in D:\Repos\3_3_Java_FullStack\2-Case\learning-microservices-with-spring-cloud-AngelChezziPXL\backend-java\DuurzameWebshop)
2025-09-05 10:38:03 DEBUG [main] b.p.s.w.WhishlistServiceApplication - Running with Spring Boot v3.3.4, Spring v6.1.13
2025-09-05 10:38:03 INFO  [main] b.p.s.w.WhishlistServiceApplication - No active profile set, falling back to 1 default profile: "default"
2025-09-05 10:38:05 INFO  [main] b.p.s.p.ProductcatalogServiceApplication - Starting ProductcatalogServiceApplication using Java 21.0.1 with PID 19248 (D:\Repos\3_3_Java_FullStack\2-Case\learning-microservices-with-spring-cloud-AngelChezziPXL\backend-java\DuurzameWebshop\productcatalog-service\target\classes started by angel in D:\Repos\3_3_Java_FullStack\2-Case\learning-microservices-with-spring-cloud-AngelChezziPXL\backend-java\DuurzameWebshop)
2025-09-05 10:38:05 DEBUG [main] b.p.s.p.ProductcatalogServiceApplication - Running with Spring Boot v3.3.4, Spring v6.1.13
2025-09-05 10:38:05 INFO  [main] b.p.s.p.ProductcatalogServiceApplication - No active profile set, falling back to 1 default profile: "default"
2025-09-05 10:38:11 INFO  [main] b.p.s.s.ShoppingCartServiceApplication - Starting ShoppingCartServiceApplication using Java 21.0.1 with PID 19832 (D:\Repos\3_3_Java_FullStack\2-Case\learning-microservices-with-spring-cloud-AngelChezziPXL\backend-java\DuurzameWebshop\shoppingcart-service\target\classes started by angel in D:\Repos\3_3_Java_FullStack\2-Case\learning-microservices-with-spring-cloud-AngelChezziPXL\backend-java\DuurzameWebshop)
2025-09-05 10:38:11 DEBUG [main] b.p.s.s.ShoppingCartServiceApplication - Running with Spring Boot v3.3.4, Spring v6.1.13
2025-09-05 10:38:11 INFO  [main] b.p.s.s.ShoppingCartServiceApplication - No active profile set, falling back to 1 default profile: "default"
2025-09-05 10:38:15 INFO  [main] b.p.s.w.WhishlistServiceApplication - Started WhishlistServiceApplication in 14.098 seconds (process running for 14.83)
2025-09-05 10:38:16 INFO  [main] b.p.s.l.LogbookServiceApplication - Starting LogbookServiceApplication using Java 21.0.1 with PID 6808 (D:\Repos\3_3_Java_FullStack\2-Case\learning-microservices-with-spring-cloud-AngelChezziPXL\backend-java\DuurzameWebshop\logbook-service\target\classes started by angel in D:\Repos\3_3_Java_FullStack\2-Case\learning-microservices-with-spring-cloud-AngelChezziPXL\backend-java\DuurzameWebshop)
2025-09-05 10:38:16 DEBUG [main] b.p.s.l.LogbookServiceApplication - Running with Spring Boot v3.3.4, Spring v6.1.13
2025-09-05 10:38:17 INFO  [main] b.p.s.l.LogbookServiceApplication - No active profile set, falling back to 1 default profile: "default"
2025-09-05 10:38:19 INFO  [main] b.p.s.p.ProductcatalogServiceApplication - Started ProductcatalogServiceApplication in 15.537 seconds (process running for 16.257)
2025-09-05 10:38:22 INFO  [main] b.p.s.s.ShoppingCartServiceApplication - Started ShoppingCartServiceApplication in 13.986 seconds (process running for 15.808)
2025-09-05 10:38:22 INFO  [main] b.p.s.l.LogbookServiceApplication - Started LogbookServiceApplication in 8.403 seconds (process running for 9.675)
2025-09-05 10:43:05 INFO  [main] b.p.s.d.DiscoveryServiceApplication - Starting DiscoveryServiceApplication using Java 21.0.1 with PID 17000 (D:\Repos\3_3_Java_FullStack\2-Case\learning-microservices-with-spring-cloud-AngelChezziPXL\backend-java\DuurzameWebshop\discovery-service\target\classes started by angel in D:\Repos\3_3_Java_FullStack\2-Case\learning-microservices-with-spring-cloud-AngelChezziPXL\backend-java\DuurzameWebshop)
2025-09-05 10:43:05 DEBUG [main] b.p.s.d.DiscoveryServiceApplication - Running with Spring Boot v3.3.4, Spring v6.1.13
2025-09-05 10:43:05 INFO  [main] b.p.s.d.DiscoveryServiceApplication - No active profile set, falling back to 1 default profile: "default"
2025-09-05 10:43:11 INFO  [main] b.p.s.d.DiscoveryServiceApplication - Started DiscoveryServiceApplication in 8.216 seconds (process running for 8.94)
2025-09-05 10:43:56 INFO  [main] b.p.s.g.GatewayServiceApplication - Starting GatewayServiceApplication using Java 21.0.1 with PID 3356 (D:\Repos\3_3_Java_FullStack\2-Case\learning-microservices-with-spring-cloud-AngelChezziPXL\backend-java\DuurzameWebshop\gateway-service\target\classes started by angel in D:\Repos\3_3_Java_FullStack\2-Case\learning-microservices-with-spring-cloud-AngelChezziPXL\backend-java\DuurzameWebshop)
2025-09-05 10:43:56 DEBUG [main] b.p.s.g.GatewayServiceApplication - Running with Spring Boot v3.3.4, Spring v6.1.13
2025-09-05 10:43:56 INFO  [main] b.p.s.g.GatewayServiceApplication - No active profile set, falling back to 1 default profile: "default"
2025-09-05 10:44:03 INFO  [main] b.p.s.g.GatewayServiceApplication - Started GatewayServiceApplication in 9.394 seconds (process running for 9.984)
2025-09-05 10:44:12 INFO  [main] b.p.s.l.LogbookServiceApplication - Starting LogbookServiceApplication using Java 21.0.1 with PID 21120 (D:\Repos\3_3_Java_FullStack\2-Case\learning-microservices-with-spring-cloud-AngelChezziPXL\backend-java\DuurzameWebshop\logbook-service\target\classes started by angel in D:\Repos\3_3_Java_FullStack\2-Case\learning-microservices-with-spring-cloud-AngelChezziPXL\backend-java\DuurzameWebshop)
2025-09-05 10:44:12 DEBUG [main] b.p.s.l.LogbookServiceApplication - Running with Spring Boot v3.3.4, Spring v6.1.13
2025-09-05 10:44:12 INFO  [main] b.p.s.l.LogbookServiceApplication - No active profile set, falling back to 1 default profile: "default"
2025-09-05 10:44:16 INFO  [main] b.p.s.w.WhishlistServiceApplication - Starting WhishlistServiceApplication using Java 21.0.1 with PID 21680 (D:\Repos\3_3_Java_FullStack\2-Case\learning-microservices-with-spring-cloud-AngelChezziPXL\backend-java\DuurzameWebshop\whishlist-service\target\classes started by angel in D:\Repos\3_3_Java_FullStack\2-Case\learning-microservices-with-spring-cloud-AngelChezziPXL\backend-java\DuurzameWebshop)
2025-09-05 10:44:16 DEBUG [main] b.p.s.w.WhishlistServiceApplication - Running with Spring Boot v3.3.4, Spring v6.1.13
2025-09-05 10:44:16 INFO  [main] b.p.s.w.WhishlistServiceApplication - No active profile set, falling back to 1 default profile: "default"
2025-09-05 10:44:19 INFO  [main] b.p.s.l.LogbookServiceApplication - Started LogbookServiceApplication in 8.801 seconds (process running for 9.482)
2025-09-05 10:44:20 INFO  [main] b.p.s.p.ProductcatalogServiceApplication - Starting ProductcatalogServiceApplication using Java 21.0.1 with PID 3112 (D:\Repos\3_3_Java_FullStack\2-Case\learning-microservices-with-spring-cloud-AngelChezziPXL\backend-java\DuurzameWebshop\productcatalog-service\target\classes started by angel in D:\Repos\3_3_Java_FullStack\2-Case\learning-microservices-with-spring-cloud-AngelChezziPXL\backend-java\DuurzameWebshop)
2025-09-05 10:44:20 DEBUG [main] b.p.s.p.ProductcatalogServiceApplication - Running with Spring Boot v3.3.4, Spring v6.1.13
2025-09-05 10:44:20 INFO  [main] b.p.s.p.ProductcatalogServiceApplication - No active profile set, falling back to 1 default profile: "default"
2025-09-05 10:44:26 INFO  [main] b.p.s.s.ShoppingCartServiceApplication - Starting ShoppingCartServiceApplication using Java 21.0.1 with PID 18940 (D:\Repos\3_3_Java_FullStack\2-Case\learning-microservices-with-spring-cloud-AngelChezziPXL\backend-java\DuurzameWebshop\shoppingcart-service\target\classes started by angel in D:\Repos\3_3_Java_FullStack\2-Case\learning-microservices-with-spring-cloud-AngelChezziPXL\backend-java\DuurzameWebshop)
2025-09-05 10:44:26 DEBUG [main] b.p.s.s.ShoppingCartServiceApplication - Running with Spring Boot v3.3.4, Spring v6.1.13
2025-09-05 10:44:26 INFO  [main] b.p.s.s.ShoppingCartServiceApplication - No active profile set, falling back to 1 default profile: "default"
2025-09-05 10:44:28 INFO  [main] b.p.s.w.WhishlistServiceApplication - Started WhishlistServiceApplication in 14.917 seconds (process running for 15.689)
2025-09-05 10:44:31 INFO  [main] b.p.s.p.ProductcatalogServiceApplication - Started ProductcatalogServiceApplication in 14.399 seconds (process running for 15.776)
2025-09-05 10:44:34 INFO  [main] b.p.s.s.ShoppingCartServiceApplication - Started ShoppingCartServiceApplication in 11.302 seconds (process running for 12.564)
2025-09-05 10:50:14 INFO  [main] b.p.s.g.GatewayServiceApplication - Starting GatewayServiceApplication using Java 21.0.1 with PID 14916 (D:\Repos\3_3_Java_FullStack\2-Case\learning-microservices-with-spring-cloud-AngelChezziPXL\backend-java\DuurzameWebshop\gateway-service\target\classes started by angel in D:\Repos\3_3_Java_FullStack\2-Case\learning-microservices-with-spring-cloud-AngelChezziPXL\backend-java\DuurzameWebshop)
2025-09-05 10:50:14 DEBUG [main] b.p.s.g.GatewayServiceApplication - Running with Spring Boot v3.3.4, Spring v6.1.13
2025-09-05 10:50:14 INFO  [main] b.p.s.g.GatewayServiceApplication - No active profile set, falling back to 1 default profile: "default"
2025-09-05 10:50:21 INFO  [main] b.p.s.g.GatewayServiceApplication - Started GatewayServiceApplication in 9.422 seconds (process running for 10.182)
2025-09-05 10:52:07 INFO  [main] b.p.s.g.GatewayServiceApplication - Starting GatewayServiceApplication using Java 21.0.1 with PID 19204 (D:\Repos\3_3_Java_FullStack\2-Case\learning-microservices-with-spring-cloud-AngelChezziPXL\backend-java\DuurzameWebshop\gateway-service\target\classes started by angel in D:\Repos\3_3_Java_FullStack\2-Case\learning-microservices-with-spring-cloud-AngelChezziPXL\backend-java\DuurzameWebshop)
2025-09-05 10:52:07 DEBUG [main] b.p.s.g.GatewayServiceApplication - Running with Spring Boot v3.3.4, Spring v6.1.13
2025-09-05 10:52:07 INFO  [main] b.p.s.g.GatewayServiceApplication - No active profile set, falling back to 1 default profile: "default"
2025-09-05 10:52:14 INFO  [main] b.p.s.g.GatewayServiceApplication - Started GatewayServiceApplication in 9.282 seconds (process running for 9.936)
2025-09-05 10:52:42 INFO  [main] b.p.s.g.GatewayServiceApplication - Starting GatewayServiceApplication using Java 21.0.1 with PID 1732 (D:\Repos\3_3_Java_FullStack\2-Case\learning-microservices-with-spring-cloud-AngelChezziPXL\backend-java\DuurzameWebshop\gateway-service\target\classes started by angel in D:\Repos\3_3_Java_FullStack\2-Case\learning-microservices-with-spring-cloud-AngelChezziPXL\backend-java\DuurzameWebshop)
2025-09-05 10:52:42 DEBUG [main] b.p.s.g.GatewayServiceApplication - Running with Spring Boot v3.3.4, Spring v6.1.13
2025-09-05 10:52:42 INFO  [main] b.p.s.g.GatewayServiceApplication - No active profile set, falling back to 1 default profile: "default"
2025-09-05 10:52:49 INFO  [main] b.p.s.g.GatewayServiceApplication - Started GatewayServiceApplication in 9.322 seconds (process running for 10.085)
2025-09-05 10:54:06 INFO  [main] b.p.s.g.GatewayServiceApplication - Starting GatewayServiceApplication using Java 21.0.1 with PID 13900 (D:\Repos\3_3_Java_FullStack\2-Case\learning-microservices-with-spring-cloud-AngelChezziPXL\backend-java\DuurzameWebshop\gateway-service\target\classes started by angel in D:\Repos\3_3_Java_FullStack\2-Case\learning-microservices-with-spring-cloud-AngelChezziPXL\backend-java\DuurzameWebshop)
2025-09-05 10:54:06 DEBUG [main] b.p.s.g.GatewayServiceApplication - Running with Spring Boot v3.3.4, Spring v6.1.13
2025-09-05 10:54:06 INFO  [main] b.p.s.g.GatewayServiceApplication - No active profile set, falling back to 1 default profile: "default"
2025-09-05 10:54:13 INFO  [main] b.p.s.g.GatewayServiceApplication - Started GatewayServiceApplication in 9.42 seconds (process running for 10.099)
