2025-09-05T03:13:32.760+0200 INFO               [main]                         be.pxl.services.ConfigServerApplication - Starting ConfigServerApplication using Java 21.0.1 with PID 20312 (D:\Repos\3_3_Java_FullStack\2-Case\learning-microservices-with-spring-cloud-AngelChezziPXL\backend-java\DuurzameWebshop\config-service\target\classes started by angel in D:\Repos\3_3_Java_FullStack\2-Case\learning-microservices-with-spring-cloud-AngelChezziPXL\backend-java\DuurzameWebshop)
2025-09-05T03:13:32.761+0200 DEBUG              [main]                         be.pxl.services.ConfigServerApplication - Running with Spring Boot v3.3.4, Spring v6.1.13
2025-09-05T03:13:32.761+0200 INFO               [main]                         be.pxl.services.ConfigServerApplication - The following 1 profile is active: "native"
2025-09-05T03:13:36.386+0200 INFO               [main]                         be.pxl.services.ConfigServerApplication - Started ConfigServerApplication in 5.426 seconds (process running for 6.296)
2025-09-05T03:13:44.820+0200 INFO               [main]                         be.pxl.services.DiscoveryServiceApplication - Starting DiscoveryServiceApplication using Java 21.0.1 with PID 2628 (D:\Repos\3_3_Java_FullStack\2-Case\learning-microservices-with-spring-cloud-AngelChezziPXL\backend-java\DuurzameWebshop\discovery-service\target\classes started by angel in D:\Repos\3_3_Java_FullStack\2-Case\learning-microservices-with-spring-cloud-AngelChezziPXL\backend-java\DuurzameWebshop)
2025-09-05T03:13:44.822+0200 DEBUG              [main]                         be.pxl.services.DiscoveryServiceApplication - Running with Spring Boot v3.3.4, Spring v6.1.13
2025-09-05T03:13:44.823+0200 INFO               [main]                         be.pxl.services.DiscoveryServiceApplication - No active profile set, falling back to 1 default profile: "default"
2025-09-05T03:13:53.707+0200 INFO               [main]                         be.pxl.services.DiscoveryServiceApplication - Started DiscoveryServiceApplication in 11.426 seconds (process running for 14.377)
2025-09-05T03:13:58.718+0200 INFO               [main]                         be.pxl.services.productcatalog.ProductcatalogServiceApplication - Starting ProductcatalogServiceApplication using Java 21.0.1 with PID 13176 (D:\Repos\3_3_Java_FullStack\2-Case\learning-microservices-with-spring-cloud-AngelChezziPXL\backend-java\DuurzameWebshop\productcatalog-service\target\classes started by angel in D:\Repos\3_3_Java_FullStack\2-Case\learning-microservices-with-spring-cloud-AngelChezziPXL\backend-java\DuurzameWebshop)
2025-09-05T03:13:58.721+0200 DEBUG              [main]                         be.pxl.services.productcatalog.ProductcatalogServiceApplication - Running with Spring Boot v3.3.4, Spring v6.1.13
2025-09-05T03:13:58.721+0200 INFO               [main]                         be.pxl.services.productcatalog.ProductcatalogServiceApplication - No active profile set, falling back to 1 default profile: "default"
2025-09-05T03:14:07.157+0200 INFO               [main]                         be.pxl.services.productcatalog.ProductcatalogServiceApplication - Started ProductcatalogServiceApplication in 10.974 seconds (process running for 12.003)
2025-09-05T03:14:22.386+0200 INFO               [main]                         be.pxl.services.logbook.LogbookServiceApplication - Starting LogbookServiceApplication using Java 21.0.1 with PID 8120 (D:\Repos\3_3_Java_FullStack\2-Case\learning-microservices-with-spring-cloud-AngelChezziPXL\backend-java\DuurzameWebshop\logbook-service\target\classes started by angel in D:\Repos\3_3_Java_FullStack\2-Case\learning-microservices-with-spring-cloud-AngelChezziPXL\backend-java\DuurzameWebshop)
2025-09-05T03:14:22.387+0200 DEBUG              [main]                         be.pxl.services.logbook.LogbookServiceApplication - Running with Spring Boot v3.3.4, Spring v6.1.13
2025-09-05T03:14:22.389+0200 INFO               [main]                         be.pxl.services.logbook.LogbookServiceApplication - No active profile set, falling back to 1 default profile: "default"
2025-09-05T03:14:27.713+0200 INFO               [main]                         be.pxl.services.logbook.LogbookServiceApplication - Started LogbookServiceApplication in 7.731 seconds (process running for 8.405)
2025-09-05T03:14:58.807+0200 INFO               [main]                         be.pxl.services.ConfigServerApplication - Starting ConfigServerApplication using Java 21.0.1 with PID 4100 (D:\Repos\3_3_Java_FullStack\2-Case\learning-microservices-with-spring-cloud-AngelChezziPXL\backend-java\DuurzameWebshop\config-service\target\classes started by angel in D:\Repos\3_3_Java_FullStack\2-Case\learning-microservices-with-spring-cloud-AngelChezziPXL\backend-java\DuurzameWebshop)
2025-09-05T03:14:58.808+0200 DEBUG              [main]                         be.pxl.services.ConfigServerApplication - Running with Spring Boot v3.3.4, Spring v6.1.13
2025-09-05T03:14:58.808+0200 INFO               [main]                         be.pxl.services.ConfigServerApplication - The following 1 profile is active: "native"
2025-09-05T03:15:02.471+0200 INFO               [main]                         be.pxl.services.ConfigServerApplication - Started ConfigServerApplication in 5.335 seconds (process running for 6.053)
2025-09-05T03:15:09.324+0200 INFO               [main]                         be.pxl.services.DiscoveryServiceApplication - Starting DiscoveryServiceApplication using Java 21.0.1 with PID 2932 (D:\Repos\3_3_Java_FullStack\2-Case\learning-microservices-with-spring-cloud-AngelChezziPXL\backend-java\DuurzameWebshop\discovery-service\target\classes started by angel in D:\Repos\3_3_Java_FullStack\2-Case\learning-microservices-with-spring-cloud-AngelChezziPXL\backend-java\DuurzameWebshop)
2025-09-05T03:15:09.326+0200 DEBUG              [main]                         be.pxl.services.DiscoveryServiceApplication - Running with Spring Boot v3.3.4, Spring v6.1.13
2025-09-05T03:15:09.327+0200 INFO               [main]                         be.pxl.services.DiscoveryServiceApplication - No active profile set, falling back to 1 default profile: "default"
2025-09-05T03:15:16.747+0200 INFO               [main]                         be.pxl.services.DiscoveryServiceApplication - Started DiscoveryServiceApplication in 10.075 seconds (process running for 10.809)
2025-09-05T03:15:33.641+0200 INFO               [main]                         be.pxl.services.productcatalog.ProductcatalogServiceApplication - Starting ProductcatalogServiceApplication using Java 21.0.1 with PID 19896 (D:\Repos\3_3_Java_FullStack\2-Case\learning-microservices-with-spring-cloud-AngelChezziPXL\backend-java\DuurzameWebshop\productcatalog-service\target\classes started by angel in D:\Repos\3_3_Java_FullStack\2-Case\learning-microservices-with-spring-cloud-AngelChezziPXL\backend-java\DuurzameWebshop)
2025-09-05T03:15:33.642+0200 DEBUG              [main]                         be.pxl.services.productcatalog.ProductcatalogServiceApplication - Running with Spring Boot v3.3.4, Spring v6.1.13
2025-09-05T03:15:33.643+0200 INFO               [main]                         be.pxl.services.productcatalog.ProductcatalogServiceApplication - No active profile set, falling back to 1 default profile: "default"
2025-09-05T03:15:40.699+0200 INFO               [main]                         be.pxl.services.productcatalog.ProductcatalogServiceApplication - Started ProductcatalogServiceApplication in 9.084 seconds (process running for 9.735)
2025-09-05T03:15:58.745+0200 INFO               [main]                         be.pxl.services.logbook.LogbookServiceApplication - Starting LogbookServiceApplication using Java 21.0.1 with PID 11408 (D:\Repos\3_3_Java_FullStack\2-Case\learning-microservices-with-spring-cloud-AngelChezziPXL\backend-java\DuurzameWebshop\logbook-service\target\classes started by angel in D:\Repos\3_3_Java_FullStack\2-Case\learning-microservices-with-spring-cloud-AngelChezziPXL\backend-java\DuurzameWebshop)
2025-09-05T03:15:58.746+0200 DEBUG              [main]                         be.pxl.services.logbook.LogbookServiceApplication - Running with Spring Boot v3.3.4, Spring v6.1.13
2025-09-05T03:15:58.747+0200 INFO               [main]                         be.pxl.services.logbook.LogbookServiceApplication - No active profile set, falling back to 1 default profile: "default"
2025-09-05T03:16:03.982+0200 INFO               [main]                         be.pxl.services.logbook.LogbookServiceApplication - Started LogbookServiceApplication in 7.389 seconds (process running for 8.035)
