2025-09-05T14:28:34.561+0200 INFO               [main]                         be.pxl.services.logbook.controller.LogbookControllerTests - Starting LoggerControllerTests using Java 21.0.1 with PID 16268 (started by angel in D:\Repos\3_3_Java_FullStack\2-Case\learning-microservices-with-spring-cloud-AngelChezziPXL\backend-java\DuurzameWebshop\logbook-service)
2025-09-05T14:28:34.562+0200 DEBUG              [main]                         be.pxl.services.logbook.controller.LogbookControllerTests - Running with Spring Boot v3.3.4, Spring v6.1.13
2025-09-05T14:28:34.563+0200 INFO               [main]                         be.pxl.services.logbook.controller.LogbookControllerTests - No active profile set, falling back to 1 default profile: "default"
2025-09-05T14:28:34.584+0200 INFO               [main]                         org.springframework.cloud.config.client.ConfigServerConfigDataLoader - Fetching config from server at : http://localhost:8088/
2025-09-05T14:28:34.585+0200 INFO               [main]                         org.springframework.cloud.config.client.ConfigServerConfigDataLoader - Exception on Url - http://localhost:8088/:org.springframework.web.client.ResourceAccessException: I/O error on GET request for "http://localhost:8088/logbook-service/default": Connection refused: no further information. Will be trying the next url if available
2025-09-05T14:28:34.586+0200 WARN               [main]                         org.springframework.cloud.config.client.ConfigServerConfigDataLoader - Could not locate PropertySource ([ConfigServerConfigDataResource@5177e388 uris = array<String>['http://localhost:8088/'], optional = true, profiles = 'default']): I/O error on GET request for "http://localhost:8088/logbook-service/default": Connection refused: no further information
2025-09-05T14:28:34.586+0200 INFO               [main]                         org.springframework.cloud.config.client.ConfigServerConfigDataLoader - Fetching config from server at : http://localhost:8088/
2025-09-05T14:28:34.586+0200 INFO               [main]                         org.springframework.cloud.config.client.ConfigServerConfigDataLoader - Exception on Url - http://localhost:8088/:org.springframework.web.client.ResourceAccessException: I/O error on GET request for "http://localhost:8088/logbook-service/default": Connection refused: no further information. Will be trying the next url if available
2025-09-05T14:28:34.586+0200 WARN               [main]                         org.springframework.cloud.config.client.ConfigServerConfigDataLoader - Could not locate PropertySource ([ConfigServerConfigDataResource@c6e0f32 uris = array<String>['http://localhost:8088/'], optional = true, profiles = 'default']): I/O error on GET request for "http://localhost:8088/logbook-service/default": Connection refused: no further information
2025-09-05T14:28:34.586+0200 INFO               [main]                         org.springframework.cloud.config.client.ConfigServerConfigDataLoader - Fetching config from server at : http://localhost:8088/
2025-09-05T14:28:34.586+0200 INFO               [main]                         org.springframework.cloud.config.client.ConfigServerConfigDataLoader - Exception on Url - http://localhost:8088/:org.springframework.web.client.ResourceAccessException: I/O error on GET request for "http://localhost:8088/logbook-service/default": Connection refused: no further information. Will be trying the next url if available
2025-09-05T14:28:34.587+0200 WARN               [main]                         org.springframework.cloud.config.client.ConfigServerConfigDataLoader - Could not locate PropertySource ([ConfigServerConfigDataResource@6f3f0fae uris = array<String>['http://localhost:8088/'], optional = true, profiles = 'default']): I/O error on GET request for "http://localhost:8088/logbook-service/default": Connection refused: no further information
2025-09-05T14:28:37.148+0200 INFO               [main]                         org.springframework.boot.test.mock.web.SpringBootMockServletContext - Initializing Spring TestDispatcherServlet ''
2025-09-05T14:28:37.149+0200 INFO               [main]                         org.springframework.test.web.servlet.TestDispatcherServlet - Initializing Servlet ''
2025-09-05T14:28:37.151+0200 INFO               [main]                         org.springframework.test.web.servlet.TestDispatcherServlet - Completed initialization in 1 ms
2025-09-05T14:28:37.188+0200 INFO               [main]                         be.pxl.services.logbook.controller.LogbookControllerTests - Started LoggerControllerTests in 4.823 seconds (process running for 8.533)
2025-09-05T14:29:30.179+0200 INFO               [main]                         be.pxl.services.logbook.controller.LogbookControllerTests - Starting LoggerControllerTests using Java 21.0.1 with PID 6040 (started by angel in D:\Repos\3_3_Java_FullStack\2-Case\learning-microservices-with-spring-cloud-AngelChezziPXL\backend-java\DuurzameWebshop\logbook-service)
2025-09-05T14:29:30.181+0200 DEBUG              [main]                         be.pxl.services.logbook.controller.LogbookControllerTests - Running with Spring Boot v3.3.4, Spring v6.1.13
2025-09-05T14:29:30.182+0200 INFO               [main]                         be.pxl.services.logbook.controller.LogbookControllerTests - No active profile set, falling back to 1 default profile: "default"
2025-09-05T14:29:30.208+0200 INFO               [main]                         org.springframework.cloud.config.client.ConfigServerConfigDataLoader - Fetching config from server at : http://localhost:8088/
2025-09-05T14:29:30.209+0200 INFO               [main]                         org.springframework.cloud.config.client.ConfigServerConfigDataLoader - Exception on Url - http://localhost:8088/:org.springframework.web.client.ResourceAccessException: I/O error on GET request for "http://localhost:8088/logbook-service/default": Connection refused: no further information. Will be trying the next url if available
2025-09-05T14:29:30.209+0200 WARN               [main]                         org.springframework.cloud.config.client.ConfigServerConfigDataLoader - Could not locate PropertySource ([ConfigServerConfigDataResource@2f7dcef2 uris = array<String>['http://localhost:8088/'], optional = true, profiles = 'default']): I/O error on GET request for "http://localhost:8088/logbook-service/default": Connection refused: no further information
2025-09-05T14:29:30.210+0200 INFO               [main]                         org.springframework.cloud.config.client.ConfigServerConfigDataLoader - Fetching config from server at : http://localhost:8088/
2025-09-05T14:29:30.210+0200 INFO               [main]                         org.springframework.cloud.config.client.ConfigServerConfigDataLoader - Exception on Url - http://localhost:8088/:org.springframework.web.client.ResourceAccessException: I/O error on GET request for "http://localhost:8088/logbook-service/default": Connection refused: no further information. Will be trying the next url if available
2025-09-05T14:29:30.210+0200 WARN               [main]                         org.springframework.cloud.config.client.ConfigServerConfigDataLoader - Could not locate PropertySource ([ConfigServerConfigDataResource@62e7dffa uris = array<String>['http://localhost:8088/'], optional = true, profiles = 'default']): I/O error on GET request for "http://localhost:8088/logbook-service/default": Connection refused: no further information
2025-09-05T14:29:30.210+0200 INFO               [main]                         org.springframework.cloud.config.client.ConfigServerConfigDataLoader - Fetching config from server at : http://localhost:8088/
2025-09-05T14:29:30.210+0200 INFO               [main]                         org.springframework.cloud.config.client.ConfigServerConfigDataLoader - Exception on Url - http://localhost:8088/:org.springframework.web.client.ResourceAccessException: I/O error on GET request for "http://localhost:8088/logbook-service/default": Connection refused: no further information. Will be trying the next url if available
2025-09-05T14:29:30.210+0200 WARN               [main]                         org.springframework.cloud.config.client.ConfigServerConfigDataLoader - Could not locate PropertySource ([ConfigServerConfigDataResource@6edcd0d8 uris = array<String>['http://localhost:8088/'], optional = true, profiles = 'default']): I/O error on GET request for "http://localhost:8088/logbook-service/default": Connection refused: no further information
2025-09-05T14:29:32.730+0200 INFO               [main]                         org.springframework.boot.test.mock.web.SpringBootMockServletContext - Initializing Spring TestDispatcherServlet ''
2025-09-05T14:29:32.731+0200 INFO               [main]                         org.springframework.test.web.servlet.TestDispatcherServlet - Initializing Servlet ''
2025-09-05T14:29:32.732+0200 INFO               [main]                         org.springframework.test.web.servlet.TestDispatcherServlet - Completed initialization in 1 ms
2025-09-05T14:29:32.764+0200 INFO               [main]                         be.pxl.services.logbook.controller.LogbookControllerTests - Started LoggerControllerTests in 4.751 seconds (process running for 7.105)
2025-09-05T14:32:14.278+0200 INFO               [main]                         be.pxl.services.logbook.controller.LogbookControllerTests - Starting LoggerControllerTests using Java 21.0.1 with PID 9476 (started by angel in D:\Repos\3_3_Java_FullStack\2-Case\learning-microservices-with-spring-cloud-AngelChezziPXL\backend-java\DuurzameWebshop\logbook-service)
2025-09-05T14:32:14.280+0200 DEBUG              [main]                         be.pxl.services.logbook.controller.LogbookControllerTests - Running with Spring Boot v3.3.4, Spring v6.1.13
2025-09-05T14:32:14.281+0200 INFO               [main]                         be.pxl.services.logbook.controller.LogbookControllerTests - No active profile set, falling back to 1 default profile: "default"
2025-09-05T14:32:14.303+0200 INFO               [main]                         org.springframework.cloud.config.client.ConfigServerConfigDataLoader - Fetching config from server at : http://localhost:8088/
2025-09-05T14:32:14.303+0200 INFO               [main]                         org.springframework.cloud.config.client.ConfigServerConfigDataLoader - Exception on Url - http://localhost:8088/:org.springframework.web.client.ResourceAccessException: I/O error on GET request for "http://localhost:8088/logbook-service/default": Connection refused: no further information. Will be trying the next url if available
2025-09-05T14:32:14.304+0200 WARN               [main]                         org.springframework.cloud.config.client.ConfigServerConfigDataLoader - Could not locate PropertySource ([ConfigServerConfigDataResource@37b72ea uris = array<String>['http://localhost:8088/'], optional = true, profiles = 'default']): I/O error on GET request for "http://localhost:8088/logbook-service/default": Connection refused: no further information
2025-09-05T14:32:14.304+0200 INFO               [main]                         org.springframework.cloud.config.client.ConfigServerConfigDataLoader - Fetching config from server at : http://localhost:8088/
2025-09-05T14:32:14.304+0200 INFO               [main]                         org.springframework.cloud.config.client.ConfigServerConfigDataLoader - Exception on Url - http://localhost:8088/:org.springframework.web.client.ResourceAccessException: I/O error on GET request for "http://localhost:8088/logbook-service/default": Connection refused: no further information. Will be trying the next url if available
2025-09-05T14:32:14.304+0200 WARN               [main]                         org.springframework.cloud.config.client.ConfigServerConfigDataLoader - Could not locate PropertySource ([ConfigServerConfigDataResource@6f3f0fae uris = array<String>['http://localhost:8088/'], optional = true, profiles = 'default']): I/O error on GET request for "http://localhost:8088/logbook-service/default": Connection refused: no further information
2025-09-05T14:32:14.304+0200 INFO               [main]                         org.springframework.cloud.config.client.ConfigServerConfigDataLoader - Fetching config from server at : http://localhost:8088/
2025-09-05T14:32:14.304+0200 INFO               [main]                         org.springframework.cloud.config.client.ConfigServerConfigDataLoader - Exception on Url - http://localhost:8088/:org.springframework.web.client.ResourceAccessException: I/O error on GET request for "http://localhost:8088/logbook-service/default": Connection refused: no further information. Will be trying the next url if available
2025-09-05T14:32:14.304+0200 WARN               [main]                         org.springframework.cloud.config.client.ConfigServerConfigDataLoader - Could not locate PropertySource ([ConfigServerConfigDataResource@21a66d45 uris = array<String>['http://localhost:8088/'], optional = true, profiles = 'default']): I/O error on GET request for "http://localhost:8088/logbook-service/default": Connection refused: no further information
2025-09-05T14:32:16.315+0200 INFO               [main]                         org.springframework.boot.test.mock.web.SpringBootMockServletContext - Initializing Spring TestDispatcherServlet ''
2025-09-05T14:32:16.315+0200 INFO               [main]                         org.springframework.test.web.servlet.TestDispatcherServlet - Initializing Servlet ''
2025-09-05T14:32:16.318+0200 INFO               [main]                         org.springframework.test.web.servlet.TestDispatcherServlet - Completed initialization in 2 ms
2025-09-05T14:32:16.353+0200 INFO               [main]                         be.pxl.services.logbook.controller.LogbookControllerTests - Started LoggerControllerTests in 3.926 seconds (process running for 5.545)
2025-09-05T14:32:33.560+0200 INFO               [main]                         be.pxl.services.logbook.controller.LogbookControllerTests - Starting LoggerControllerTests using Java 21.0.1 with PID 21116 (started by angel in D:\Repos\3_3_Java_FullStack\2-Case\learning-microservices-with-spring-cloud-AngelChezziPXL\backend-java\DuurzameWebshop\logbook-service)
2025-09-05T14:32:33.563+0200 DEBUG              [main]                         be.pxl.services.logbook.controller.LogbookControllerTests - Running with Spring Boot v3.3.4, Spring v6.1.13
2025-09-05T14:32:33.564+0200 INFO               [main]                         be.pxl.services.logbook.controller.LogbookControllerTests - No active profile set, falling back to 1 default profile: "default"
2025-09-05T14:32:33.593+0200 INFO               [main]                         org.springframework.cloud.config.client.ConfigServerConfigDataLoader - Fetching config from server at : http://localhost:8088/
2025-09-05T14:32:33.593+0200 INFO               [main]                         org.springframework.cloud.config.client.ConfigServerConfigDataLoader - Exception on Url - http://localhost:8088/:org.springframework.web.client.ResourceAccessException: I/O error on GET request for "http://localhost:8088/logbook-service/default": Connection refused: no further information. Will be trying the next url if available
2025-09-05T14:32:33.594+0200 WARN               [main]                         org.springframework.cloud.config.client.ConfigServerConfigDataLoader - Could not locate PropertySource ([ConfigServerConfigDataResource@44de0113 uris = array<String>['http://localhost:8088/'], optional = true, profiles = 'default']): I/O error on GET request for "http://localhost:8088/logbook-service/default": Connection refused: no further information
2025-09-05T14:32:33.594+0200 INFO               [main]                         org.springframework.cloud.config.client.ConfigServerConfigDataLoader - Fetching config from server at : http://localhost:8088/
2025-09-05T14:32:33.594+0200 INFO               [main]                         org.springframework.cloud.config.client.ConfigServerConfigDataLoader - Exception on Url - http://localhost:8088/:org.springframework.web.client.ResourceAccessException: I/O error on GET request for "http://localhost:8088/logbook-service/default": Connection refused: no further information. Will be trying the next url if available
2025-09-05T14:32:33.594+0200 WARN               [main]                         org.springframework.cloud.config.client.ConfigServerConfigDataLoader - Could not locate PropertySource ([ConfigServerConfigDataResource@1b29d52b uris = array<String>['http://localhost:8088/'], optional = true, profiles = 'default']): I/O error on GET request for "http://localhost:8088/logbook-service/default": Connection refused: no further information
2025-09-05T14:32:33.595+0200 INFO               [main]                         org.springframework.cloud.config.client.ConfigServerConfigDataLoader - Fetching config from server at : http://localhost:8088/
2025-09-05T14:32:33.596+0200 INFO               [main]                         org.springframework.cloud.config.client.ConfigServerConfigDataLoader - Exception on Url - http://localhost:8088/:org.springframework.web.client.ResourceAccessException: I/O error on GET request for "http://localhost:8088/logbook-service/default": Connection refused: no further information. Will be trying the next url if available
2025-09-05T14:32:33.596+0200 WARN               [main]                         org.springframework.cloud.config.client.ConfigServerConfigDataLoader - Could not locate PropertySource ([ConfigServerConfigDataResource@47547132 uris = array<String>['http://localhost:8088/'], optional = true, profiles = 'default']): I/O error on GET request for "http://localhost:8088/logbook-service/default": Connection refused: no further information
2025-09-05T14:32:36.399+0200 INFO               [main]                         org.springframework.boot.test.mock.web.SpringBootMockServletContext - Initializing Spring TestDispatcherServlet ''
2025-09-05T14:32:36.400+0200 INFO               [main]                         org.springframework.test.web.servlet.TestDispatcherServlet - Initializing Servlet ''
2025-09-05T14:32:36.402+0200 INFO               [main]                         org.springframework.test.web.servlet.TestDispatcherServlet - Completed initialization in 2 ms
2025-09-05T14:32:36.462+0200 INFO               [main]                         be.pxl.services.logbook.controller.LogbookControllerTests - Started LoggerControllerTests in 5.052 seconds (process running for 7.343)
2025-09-05T14:33:40.500+0200 INFO               [main]                         be.pxl.services.logbook.controller.LogbookControllerTests - Starting LoggerControllerTests using Java 21.0.1 with PID 13528 (started by angel in D:\Repos\3_3_Java_FullStack\2-Case\learning-microservices-with-spring-cloud-AngelChezziPXL\backend-java\DuurzameWebshop\logbook-service)
2025-09-05T14:33:40.501+0200 DEBUG              [main]                         be.pxl.services.logbook.controller.LogbookControllerTests - Running with Spring Boot v3.3.4, Spring v6.1.13
2025-09-05T14:33:40.502+0200 INFO               [main]                         be.pxl.services.logbook.controller.LogbookControllerTests - No active profile set, falling back to 1 default profile: "default"
2025-09-05T14:33:40.525+0200 INFO               [main]                         org.springframework.cloud.config.client.ConfigServerConfigDataLoader - Fetching config from server at : http://localhost:8088/
2025-09-05T14:33:40.526+0200 INFO               [main]                         org.springframework.cloud.config.client.ConfigServerConfigDataLoader - Exception on Url - http://localhost:8088/:org.springframework.web.client.ResourceAccessException: I/O error on GET request for "http://localhost:8088/logbook-service/default": Connection refused: no further information. Will be trying the next url if available
2025-09-05T14:33:40.526+0200 WARN               [main]                         org.springframework.cloud.config.client.ConfigServerConfigDataLoader - Could not locate PropertySource ([ConfigServerConfigDataResource@7c4fc2bf uris = array<String>['http://localhost:8088/'], optional = true, profiles = 'default']): I/O error on GET request for "http://localhost:8088/logbook-service/default": Connection refused: no further information
2025-09-05T14:33:40.526+0200 INFO               [main]                         org.springframework.cloud.config.client.ConfigServerConfigDataLoader - Fetching config from server at : http://localhost:8088/
2025-09-05T14:33:40.527+0200 INFO               [main]                         org.springframework.cloud.config.client.ConfigServerConfigDataLoader - Exception on Url - http://localhost:8088/:org.springframework.web.client.ResourceAccessException: I/O error on GET request for "http://localhost:8088/logbook-service/default": Connection refused: no further information. Will be trying the next url if available
2025-09-05T14:33:40.527+0200 WARN               [main]                         org.springframework.cloud.config.client.ConfigServerConfigDataLoader - Could not locate PropertySource ([ConfigServerConfigDataResource@6cf31447 uris = array<String>['http://localhost:8088/'], optional = true, profiles = 'default']): I/O error on GET request for "http://localhost:8088/logbook-service/default": Connection refused: no further information
2025-09-05T14:33:40.527+0200 INFO               [main]                         org.springframework.cloud.config.client.ConfigServerConfigDataLoader - Fetching config from server at : http://localhost:8088/
2025-09-05T14:33:40.527+0200 INFO               [main]                         org.springframework.cloud.config.client.ConfigServerConfigDataLoader - Exception on Url - http://localhost:8088/:org.springframework.web.client.ResourceAccessException: I/O error on GET request for "http://localhost:8088/logbook-service/default": Connection refused: no further information. Will be trying the next url if available
2025-09-05T14:33:40.527+0200 WARN               [main]                         org.springframework.cloud.config.client.ConfigServerConfigDataLoader - Could not locate PropertySource ([ConfigServerConfigDataResource@4e92466a uris = array<String>['http://localhost:8088/'], optional = true, profiles = 'default']): I/O error on GET request for "http://localhost:8088/logbook-service/default": Connection refused: no further information
2025-09-05T14:33:42.770+0200 INFO               [main]                         org.springframework.boot.test.mock.web.SpringBootMockServletContext - Initializing Spring TestDispatcherServlet ''
2025-09-05T14:33:42.771+0200 INFO               [main]                         org.springframework.test.web.servlet.TestDispatcherServlet - Initializing Servlet ''
2025-09-05T14:33:42.773+0200 INFO               [main]                         org.springframework.test.web.servlet.TestDispatcherServlet - Completed initialization in 2 ms
2025-09-05T14:33:42.805+0200 INFO               [main]                         be.pxl.services.logbook.controller.LogbookControllerTests - Started LoggerControllerTests in 4.128 seconds (process running for 5.735)
2025-09-05T14:54:44.583+0200 INFO               [main]                         be.pxl.services.logbook.controller.LogbookControllerTests - Starting LogbookControllerTests using Java 21.0.1 with PID 1752 (started by angel in D:\Repos\3_3_Java_FullStack\2-Case\learning-microservices-with-spring-cloud-AngelChezziPXL\backend-java\DuurzameWebshop\logbook-service)
2025-09-05T14:54:44.584+0200 DEBUG              [main]                         be.pxl.services.logbook.controller.LogbookControllerTests - Running with Spring Boot v3.3.4, Spring v6.1.13
2025-09-05T14:54:44.585+0200 INFO               [main]                         be.pxl.services.logbook.controller.LogbookControllerTests - No active profile set, falling back to 1 default profile: "default"
2025-09-05T14:54:44.602+0200 INFO               [main]                         org.springframework.cloud.config.client.ConfigServerConfigDataLoader - Fetching config from server at : http://localhost:8088/
2025-09-05T14:54:44.602+0200 INFO               [main]                         org.springframework.cloud.config.client.ConfigServerConfigDataLoader - Exception on Url - http://localhost:8088/:org.springframework.web.client.ResourceAccessException: I/O error on GET request for "http://localhost:8088/logbook-service/default": Connection refused: no further information. Will be trying the next url if available
2025-09-05T14:54:44.602+0200 WARN               [main]                         org.springframework.cloud.config.client.ConfigServerConfigDataLoader - Could not locate PropertySource ([ConfigServerConfigDataResource@235c997d uris = array<String>['http://localhost:8088/'], optional = true, profiles = 'default']): I/O error on GET request for "http://localhost:8088/logbook-service/default": Connection refused: no further information
2025-09-05T14:54:44.602+0200 INFO               [main]                         org.springframework.cloud.config.client.ConfigServerConfigDataLoader - Fetching config from server at : http://localhost:8088/
2025-09-05T14:54:44.602+0200 INFO               [main]                         org.springframework.cloud.config.client.ConfigServerConfigDataLoader - Exception on Url - http://localhost:8088/:org.springframework.web.client.ResourceAccessException: I/O error on GET request for "http://localhost:8088/logbook-service/default": Connection refused: no further information. Will be trying the next url if available
2025-09-05T14:54:44.602+0200 WARN               [main]                         org.springframework.cloud.config.client.ConfigServerConfigDataLoader - Could not locate PropertySource ([ConfigServerConfigDataResource@6ad179b4 uris = array<String>['http://localhost:8088/'], optional = true, profiles = 'default']): I/O error on GET request for "http://localhost:8088/logbook-service/default": Connection refused: no further information
2025-09-05T14:54:44.602+0200 INFO               [main]                         org.springframework.cloud.config.client.ConfigServerConfigDataLoader - Fetching config from server at : http://localhost:8088/
2025-09-05T14:54:44.602+0200 INFO               [main]                         org.springframework.cloud.config.client.ConfigServerConfigDataLoader - Exception on Url - http://localhost:8088/:org.springframework.web.client.ResourceAccessException: I/O error on GET request for "http://localhost:8088/logbook-service/default": Connection refused: no further information. Will be trying the next url if available
2025-09-05T14:54:44.603+0200 WARN               [main]                         org.springframework.cloud.config.client.ConfigServerConfigDataLoader - Could not locate PropertySource ([ConfigServerConfigDataResource@2efd2f21 uris = array<String>['http://localhost:8088/'], optional = true, profiles = 'default']): I/O error on GET request for "http://localhost:8088/logbook-service/default": Connection refused: no further information
2025-09-05T14:54:45.999+0200 INFO               [main]                         org.springframework.boot.test.mock.web.SpringBootMockServletContext - Initializing Spring TestDispatcherServlet ''
2025-09-05T14:54:45.999+0200 INFO               [main]                         org.springframework.test.web.servlet.TestDispatcherServlet - Initializing Servlet ''
2025-09-05T14:54:46.001+0200 INFO               [main]                         org.springframework.test.web.servlet.TestDispatcherServlet - Completed initialization in 2 ms
2025-09-05T14:54:46.033+0200 INFO               [main]                         be.pxl.services.logbook.controller.LogbookControllerTests - Started LogbookControllerTests in 3.226 seconds (process running for 5.806)
2025-09-05T14:54:46.101+0200 INFO               [main]                         be.pxl.services.logbook.controller.LogbookController - method getAll() invoked
